// Jest Snapshot v1, https://goo.gl/fbAQLP

exports[`renders Home componets render componts in home  1`] = `<Home />`;
